RM 8x8 ABDG for caseA (mid-surface reference; rows e11,e22,g12,k11,k22,k12,2g13,2g23)

S = a/h = 4  (h = 0.25 m):
    4.260652e+09   6.265664e+07   1.266082e-09  -4.432969e-08  -2.878091e-09  -1.196042e-26   0.000000e+00   0.000000e+00
    6.265664e+07   2.255639e+09   1.215055e-07  -3.343752e-09  -2.239299e-08  -1.185459e-24   0.000000e+00   0.000000e+00
    1.266082e-09   1.215055e-07   1.250000e+08  -2.209082e-26  -1.196970e-24  -5.183103e-10   0.000000e+00   0.000000e+00
   -4.339836e-08  -2.063184e-09  -1.620139e-26   3.147336e+07   3.263367e+05   7.326865e-13   0.000000e+00   0.000000e+00
   -2.179599e-09  -2.151987e-08  -1.191113e-24   3.263367e+05   2.465655e+06   7.031570e-11   0.000000e+00   0.000000e+00
   -1.063025e-26  -1.184575e-24  -5.183103e-10   7.326865e-13   7.031570e-11   6.510417e+05   0.000000e+00   0.000000e+00
    0.000000e+00   0.000000e+00   0.000000e+00   0.000000e+00   0.000000e+00   0.000000e+00   5.834313e+07  -1.636468e-06
    0.000000e+00   0.000000e+00   0.000000e+00   0.000000e+00   0.000000e+00   0.000000e+00  -1.636468e-06   6.322210e+07

S = a/h = 10  (h = 0.1 m):
    1.704261e+09   2.506266e+07   5.064329e-10  -2.829214e-09  -9.601260e-12  -2.041282e-27   0.000000e+00   0.000000e+00
    2.506266e+07   9.022556e+08   4.860221e-08   1.068141e-10  -3.893267e-09  -2.024588e-25   0.000000e+00   0.000000e+00
    5.064329e-10   4.860221e-08   5.000000e+07  -1.048559e-27  -2.018529e-25  -4.590144e-10   0.000000e+00   0.000000e+00
   -2.785558e-09   1.950257e-11  -1.375913e-27   2.014295e+06   2.088555e+04   4.689193e-14   0.000000e+00   0.000000e+00
    1.950257e-11  -3.915095e-09  -2.017519e-25   2.088555e+04   1.578019e+05   4.500205e-12   0.000000e+00   0.000000e+00
   -1.906840e-27  -2.022757e-25  -4.590144e-10   4.689193e-14   4.500205e-12   4.166667e+04   0.000000e+00   0.000000e+00
    0.000000e+00   0.000000e+00   0.000000e+00   0.000000e+00   0.000000e+00   0.000000e+00   2.333725e+07  -1.060187e-06
    0.000000e+00   0.000000e+00   0.000000e+00   0.000000e+00   0.000000e+00   0.000000e+00  -1.060187e-06   2.528884e+07

S = a/h = 100  (h = 0.01 m):
    1.704261e+08   2.506266e+06   5.064329e-11   8.023660e-11  -7.042124e-13   1.855185e-29   0.000000e+00   0.000000e+00
    2.506266e+06   9.022556e+07   4.860221e-09   2.052823e-13   3.425506e-11   1.575842e-27   0.000000e+00   0.000000e+00
    5.064329e-11   4.860221e-09   5.000000e+06   2.458485e-29   1.580180e-27   1.681849e-12   0.000000e+00   0.000000e+00
    7.625756e-11  -4.455878e-12  -1.583350e-29   2.014295e+03   2.088555e+01   4.689193e-17   0.000000e+00   0.000000e+00
   -3.432697e-12   3.118552e-11   1.551387e-27   2.088555e+01   1.578019e+02   4.500205e-15   0.000000e+00   0.000000e+00
    1.600599e-29   1.574461e-27   1.681849e-12   4.689193e-17   4.500205e-15   4.166667e+01   0.000000e+00   0.000000e+00
    0.000000e+00   0.000000e+00   0.000000e+00   0.000000e+00   0.000000e+00   0.000000e+00   2.333725e+06   2.071768e-05
    0.000000e+00   0.000000e+00   0.000000e+00   0.000000e+00   0.000000e+00   0.000000e+00   2.071768e-05   2.528884e+06
