********************************************************************************
Field Output Report, written Sun Aug  2 18:06:07 2026

Source 1
---------

   ODB: C:/Temp/opensg_dyn/ex2_FSDT_step.odb
   Step: PULSE
   Frame: Increment     10: Step Time =   5.0000E-04

Loc 1 : Nodal values from source 1

Output sorted by column "Node Label".

Field Output reported at nodes for part: PART-1-1

      Node Label     U.Magnitude            U.U1            U.U2            U.U3
                          @Loc 1          @Loc 1          @Loc 1          @Loc 1
---------------------------------------------------------------------------------
               1              0.             -0.             -0.     743.824E-36
               2              0.              0.     70.0944E-21    -10.5579E-33
               3     145.266E-21              0.     145.266E-21     22.5028E-33
               4     222.443E-21              0.     222.443E-21     46.4367E-33
               5     282.640E-21              0.     282.640E-21     64.8957E-33
               6     339.503E-21             -0.     339.503E-21     79.7621E-33
               7     390.336E-21              0.     390.336E-21     91.8727E-33
               8     431.786E-21              0.     431.786E-21     101.460E-33
               9     459.085E-21              0.     459.085E-21     108.484E-33
              10     481.660E-21              0.     481.660E-21     112.829E-33
              11     487.767E-21              0.     487.767E-21     114.390E-33
              12     480.115E-21              0.     480.115E-21     113.092E-33
              13     459.506E-21              0.     459.506E-21     108.873E-33
              14     427.384E-21              0.     427.384E-21     101.649E-33
              15     394.366E-21              0.     394.366E-21     91.2678E-33
              16     337.128E-21              0.     337.128E-21     77.4250E-33
              17     280.531E-21             -0.     280.531E-21     59.4531E-33
              18     216.057E-21              0.     216.057E-21     35.8440E-33
              19     142.890E-21             -0.     142.890E-21     3.29538E-33
              20              0.             -0.     72.4498E-21    -42.0515E-33
              21              0.             -0.             -0.     743.824E-36
              22              0.     16.7636E-21             -0.     12.2669E-33
              23     583.242E-06     15.9150E-21     70.4498E-21     583.242E-06
              24     1.15425E-03     14.9380E-21     143.142E-21     1.15425E-03
              25     1.69236E-03     12.7673E-21     219.792E-21     1.69236E-03
              26     2.18665E-03     11.1982E-21     278.938E-21     2.18665E-03
              27     2.62591E-03     10.9037E-21     335.738E-21     2.62591E-03
              28     3.00008E-03     9.94706E-21     384.724E-21     3.00008E-03
              29     3.30053E-03     7.80408E-21     426.395E-21     3.30053E-03
              30     3.52031E-03     6.50597E-21     453.545E-21     3.52031E-03
              31     3.65430E-03     423.616E-24     474.817E-21     3.65430E-03
              32     3.69932E-03    -528.758E-24     482.191E-21     3.69932E-03
              33     3.65430E-03    -2.14875E-21     473.882E-21     3.65430E-03
              34     3.52031E-03    -2.48153E-21     453.333E-21     3.52031E-03
              35     3.30053E-03    -7.68360E-21     422.179E-21     3.30053E-03
              36     3.00008E-03    -7.01647E-21     389.530E-21     3.00008E-03
              37     2.62591E-03    -5.73049E-21     333.298E-21     2.62591E-03
              38     2.18665E-03    -7.72633E-21     276.802E-21     2.18665E-03
              39     1.69236E-03    -8.91465E-21     213.659E-21     1.69236E-03
              40     1.15425E-03    -10.4250E-21     141.359E-21     1.15425E-03
              41     583.242E-06    -11.5140E-21     72.5388E-21     583.242E-06
              42              0.    -11.8280E-21             -0.     12.2669E-33
              43              0.     39.4665E-21              0.     69.0231E-33
              44     1.15522E-03     39.5550E-21     69.8578E-21     1.15522E-03
              45     2.27754E-03     38.8456E-21     137.979E-21     2.27754E-03
              46     3.33648E-03     36.8812E-21     210.615E-21     3.33648E-03
              47     4.30894E-03     30.6405E-21     269.033E-21     4.30894E-03
              48     5.17309E-03     27.3531E-21     323.842E-21     5.17309E-03
              49     5.90909E-03     22.3937E-21     369.617E-21     5.90909E-03
              50     6.50005E-03     19.6401E-21     410.321E-21     6.50005E-03
              51     6.93231E-03     16.4327E-21     435.807E-21     6.93231E-03
              52     7.19582E-03     9.96909E-21     454.781E-21     7.19582E-03
              53     7.28436E-03     5.78659E-21     463.727E-21     7.28436E-03
              54     7.19582E-03     1.43368E-21     453.232E-21     7.19582E-03
              55     6.93231E-03    -8.62289E-21     437.658E-21     6.93231E-03
              56     6.50005E-03    -15.0736E-21     402.324E-21     6.50005E-03
              57     5.90909E-03    -19.4114E-21     369.885E-21     5.90909E-03
              58     5.17309E-03    -23.2127E-21     321.684E-21     5.17309E-03
              59     4.30894E-03    -28.5422E-21     265.584E-21     4.30894E-03
              60     3.33648E-03    -32.5019E-21     206.238E-21     3.33648E-03
              61     2.27754E-03    -33.9867E-21     137.608E-21     2.27754E-03
              62     1.15522E-03    -35.8803E-21     71.3065E-21     1.15522E-03
              63              0.    -36.5066E-21              0.     69.0231E-33
              64              0.     62.2460E-21              0.     121.520E-33
              65     1.70179E-03     60.7455E-21     66.6697E-21     1.70179E-03
              66     3.34499E-03     57.8378E-21     130.379E-21     3.34499E-03
              67     4.89596E-03     53.7888E-21     197.408E-21     4.89596E-03
              68     6.32056E-03     49.6876E-21     250.537E-21     6.32056E-03
              69     7.58653E-03     45.2212E-21     299.344E-21     7.58653E-03
              70     8.66474E-03     39.8792E-21     346.473E-21     8.66474E-03
              71     9.53039E-03     31.3656E-21     382.208E-21     9.53039E-03
              72     10.1636E-03     27.0323E-21     406.495E-21     10.1636E-03
              73     10.5495E-03     13.2747E-21     425.545E-21     10.5495E-03
              74     10.6792E-03     2.95278E-21     432.310E-21     10.6792E-03
              75     10.5495E-03    -4.47284E-21     422.620E-21     10.5495E-03
              76     10.1636E-03    -13.9153E-21     411.361E-21     10.1636E-03
              77     9.53039E-03    -28.6273E-21     376.265E-21     9.53039E-03
              78     8.66474E-03    -35.2589E-21     345.415E-21     8.66474E-03
              79     7.58653E-03    -39.7521E-21     303.635E-21     7.58653E-03
              80     6.32056E-03    -41.8755E-21     244.168E-21     6.32056E-03
              81     4.89596E-03    -47.4449E-21     194.271E-21     4.89596E-03
              82     3.34499E-03    -51.3509E-21     130.076E-21     3.34499E-03
              83     1.70179E-03    -53.7374E-21     67.1946E-21     1.70179E-03
              84              0.    -54.7701E-21              0.     121.520E-33
              85              0.     76.4927E-21              0.     171.282E-33
              86     2.20728E-03     76.0379E-21     60.9168E-21     2.20728E-03
              87     4.33076E-03     74.4582E-21     119.009E-21     4.33076E-03
              88     6.33412E-03     72.5838E-21     180.646E-21     6.33412E-03
              89     8.17456E-03     67.7015E-21     228.010E-21     8.17456E-03
              90     9.81017E-03     58.9170E-21     271.053E-21     9.81017E-03
              91     11.2032E-03     45.5912E-21     314.055E-21     11.2032E-03
              92     12.3215E-03     33.9124E-21     348.373E-21     12.3215E-03
              93     13.1394E-03     22.5123E-21     368.942E-21     13.1394E-03
              94     13.6380E-03     14.3243E-21     383.337E-21     13.6380E-03
              95     13.8055E-03     5.09916E-21     392.525E-21     13.8055E-03
              96     13.6380E-03    -8.52032E-21     386.349E-21     13.6380E-03
              97     13.1394E-03    -16.1854E-21     366.656E-21     13.1394E-03
              98     12.3215E-03    -35.9534E-21     339.670E-21     12.3215E-03
              99     11.2032E-03    -43.6983E-21     310.317E-21     11.2032E-03
             100     9.81017E-03    -57.7598E-21     274.929E-21     9.81017E-03
             101     8.17456E-03    -65.2803E-21     222.225E-21     8.17456E-03
             102     6.33412E-03    -73.5904E-21     173.509E-21     6.33412E-03
             103     4.33076E-03    -77.2782E-21     119.143E-21     4.33076E-03
             104     2.20728E-03    -77.4439E-21     61.4223E-21     2.20728E-03
             105              0.    -78.7887E-21              0.     171.282E-33
             106              0.     98.3502E-21              0.     217.285E-33
             107     2.65802E-03     97.2427E-21     53.8884E-21     2.65802E-03
             108     5.20990E-03     94.6067E-21     103.615E-21     5.20990E-03
             109     7.61598E-03     83.8942E-21     156.002E-21     7.61598E-03
             110     9.82639E-03     75.0405E-21     198.570E-21     9.82639E-03
             111     11.7908E-03     65.8546E-21     239.064E-21     11.7908E-03
             112     13.4638E-03     57.0276E-21     274.579E-21     13.4638E-03
             113     14.8068E-03     44.1783E-21     299.189E-21     14.8068E-03
             114     15.7889E-03     32.9550E-21     323.226E-21     15.7889E-03
             115     16.3876E-03     13.2212E-21     333.478E-21     16.3876E-03
             116     16.5888E-03     2.43541E-21     342.503E-21     16.5888E-03
             117     16.3876E-03    -13.3784E-21     339.187E-21     16.3876E-03
             118     15.7889E-03    -32.7288E-21     319.861E-21     15.7889E-03
             119     14.8068E-03    -39.6942E-21     296.427E-21     14.8068E-03
             120     13.4638E-03    -62.2695E-21     276.881E-21     13.4638E-03
             121     11.7908E-03    -71.5138E-21     241.500E-21     11.7908E-03
             122     9.82639E-03    -84.2425E-21     194.111E-21     9.82639E-03
             123     7.61598E-03    -90.9418E-21     149.109E-21     7.61598E-03
             124     5.20990E-03    -95.9268E-21     103.780E-21     5.20990E-03
             125     2.65802E-03    -101.559E-21     53.9561E-21     2.65802E-03
             126              0.    -102.979E-21              0.     217.285E-33
             127              0.     106.421E-21              0.     258.288E-33
             128     3.04261E-03     104.973E-21     45.4896E-21     3.04261E-03
             129     5.96039E-03     100.012E-21     88.9975E-21     5.96039E-03
             130     8.71014E-03     101.848E-21     129.481E-21     8.71014E-03
             131     11.2360E-03     90.3275E-21     165.071E-21     11.2360E-03
             132     13.4807E-03     84.3276E-21     197.616E-21     13.4807E-03
             133     15.3923E-03     60.9090E-21     228.151E-21     15.3923E-03
             134     16.9266E-03     45.1093E-21     250.618E-21     16.9266E-03
             135     18.0487E-03     39.5813E-21     273.832E-21     18.0487E-03
             136     18.7327E-03     18.9865E-21     276.335E-21     18.7327E-03
             137     18.9625E-03     5.65648E-21     283.143E-21     18.9625E-03
             138     18.7327E-03    -12.6726E-21     273.145E-21     18.7327E-03
             139     18.0487E-03    -25.1463E-21     266.403E-21     18.0487E-03
             140     16.9266E-03    -45.9461E-21     251.677E-21     16.9266E-03
             141     15.3923E-03    -65.4333E-21     230.091E-21     15.3923E-03
             142     13.4807E-03    -83.9852E-21     199.022E-21     13.4807E-03
             143     11.2360E-03    -96.0245E-21     161.572E-21     11.2360E-03
             144     8.71014E-03    -102.881E-21     126.579E-21     8.71014E-03
             145     5.96039E-03    -107.859E-21     86.3776E-21     5.96039E-03
             146     3.04261E-03    -107.754E-21     44.5382E-21     3.04261E-03
             147     108.961E-21    -108.961E-21              0.     258.288E-33
             148     121.894E-21     121.894E-21              0.     293.163E-33
             149     3.35168E-03     120.533E-21     36.7171E-21     3.35168E-03
             150     6.56379E-03     117.465E-21     70.8517E-21     6.56379E-03
             151     9.58990E-03     103.626E-21     100.278E-21     9.58990E-03
             152     12.3693E-03     102.835E-21     128.757E-21     12.3693E-03
             153     14.8391E-03     91.9175E-21     148.177E-21     14.8391E-03
             154     16.9422E-03     77.0183E-21     176.638E-21     16.9422E-03
             155     18.6303E-03     62.6716E-21     192.488E-21     18.6303E-03
             156     19.8647E-03     41.8078E-21     215.708E-21     19.8647E-03
             157     20.6170E-03     30.1406E-21     221.714E-21     20.6170E-03
             158     20.8698E-03     1.84455E-21     214.943E-21     20.8698E-03
             159     20.6170E-03    -22.2801E-21     207.978E-21     20.6170E-03
             160     19.8647E-03    -39.8678E-21     204.322E-21     19.8647E-03
             161     18.6303E-03    -59.0894E-21     194.820E-21     18.6303E-03
             162     16.9422E-03    -71.0179E-21     175.223E-21     16.9422E-03
             163     14.8391E-03    -82.6278E-21     156.902E-21     14.8391E-03
             164     12.3693E-03    -94.3632E-21     126.668E-21     12.3693E-03
             165     9.58990E-03    -108.567E-21     102.062E-21     9.58990E-03
             166     6.56379E-03    -114.137E-21     65.0687E-21     6.56379E-03
             167     3.35168E-03    -118.708E-21     36.9747E-21     3.35168E-03
             168     120.702E-21    -120.702E-21              0.     293.163E-33
             169     131.147E-21     131.147E-21              0.     320.966E-33
             170     3.57785E-03     129.309E-21     27.9439E-21     3.57785E-03
             171     7.00550E-03     125.613E-21     49.7383E-21     7.00550E-03
             172     10.2340E-03     119.028E-21     70.4019E-21     10.2340E-03
             173     13.1989E-03     104.907E-21     87.3366E-21     13.1989E-03
             174     15.8334E-03     90.2752E-21     100.152E-21     15.8334E-03
             175     18.0767E-03     77.5672E-21     118.585E-21     18.0767E-03
             176     19.8771E-03     51.2479E-21     139.153E-21     19.8771E-03
             177     21.1936E-03     38.5464E-21     144.095E-21     21.1936E-03
             178     21.9960E-03     10.0392E-21     151.590E-21     21.9960E-03
             179     22.2655E-03    -3.66265E-21     142.760E-21     22.2655E-03
             180     21.9960E-03    -20.9733E-21     145.950E-21     21.9960E-03
             181     21.1936E-03    -39.9626E-21     140.504E-21     21.1936E-03
             182     19.8771E-03    -52.1840E-21     126.480E-21     19.8771E-03
             183     18.0767E-03    -63.5279E-21     118.837E-21     18.0767E-03
             184     15.8334E-03    -86.1657E-21     111.299E-21     15.8334E-03
             185     13.1989E-03    -106.682E-21     88.1401E-21     13.1989E-03
             186     10.2340E-03    -113.155E-21     66.9174E-21     10.2340E-03
             187     7.00550E-03    -122.559E-21     46.4938E-21     7.00550E-03
             188     3.57785E-03    -128.367E-21     24.4765E-21     3.57785E-03
             189     131.428E-21    -131.428E-21              0.     320.966E-33
             190     134.920E-21     134.920E-21              0.     340.946E-33
             191     3.71574E-03     133.212E-21     11.1923E-21     3.71574E-03
             192     7.27485E-03     126.801E-21     25.8019E-21     7.27485E-03
             193     10.6267E-03     119.504E-21     39.6751E-21     10.6267E-03
             194     13.7048E-03     107.590E-21     43.6893E-21     13.7048E-03
             195     16.4397E-03     101.583E-21     45.9460E-21     16.4397E-03
             196     18.7684E-03     74.1649E-21     64.5067E-21     18.7684E-03
             197     20.6372E-03     49.2282E-21     71.3227E-21     20.6372E-03
             198     22.0038E-03     30.6406E-21     69.9712E-21     22.0038E-03
             199     22.8367E-03     19.6011E-21     76.5020E-21     22.8367E-03
             200     23.1165E-03    -6.54314E-21     74.4399E-21     23.1165E-03
             201     22.8367E-03    -21.8308E-21     71.3920E-21     22.8367E-03
             202     22.0038E-03    -46.3205E-21     72.6836E-21     22.0038E-03
             203     20.6372E-03    -59.8271E-21     61.5949E-21     20.6372E-03
             204     18.7684E-03    -76.3301E-21     63.4541E-21     18.7684E-03
             205     16.4397E-03    -92.3589E-21     57.6885E-21     16.4397E-03
             206     13.7048E-03    -102.908E-21     45.0200E-21     13.7048E-03
             207     10.6267E-03    -116.041E-21     36.0561E-21     10.6267E-03
             208     7.27485E-03    -120.491E-21     23.6792E-21     7.27485E-03
             209     3.71574E-03    -126.818E-21     10.4287E-21     3.71574E-03
             210     129.075E-21    -129.075E-21              0.     340.946E-33
             211     140.997E-21     140.997E-21              0.     352.555E-33
             212     3.76207E-03     139.711E-21     1.82047E-21     3.76207E-03
             213     7.36536E-03     134.981E-21     4.46632E-21     7.36536E-03
             214     10.7587E-03     128.024E-21     4.41306E-21     10.7587E-03
             215     13.8748E-03     119.182E-21    -117.293E-24     13.8748E-03
             216     16.6435E-03     87.5144E-21     3.44114E-21     16.6435E-03
             217     19.0008E-03     74.3257E-21    -229.072E-24     19.0008E-03
             218     20.8927E-03     55.0469E-21    -1.90015E-21     20.8927E-03
             219     22.2760E-03     38.0877E-21     412.737E-24     22.2760E-03
             220     23.1191E-03     17.5442E-21    -5.94718E-21     23.1191E-03
             221     23.4024E-03     2.47649E-21     1.16029E-21     23.4024E-03
             222     23.1191E-03    -30.0391E-21    -883.846E-24     23.1191E-03
             223     22.2760E-03    -38.2005E-21     2.24894E-21     22.2760E-03
             224     20.8927E-03    -67.4915E-21    -5.30052E-21     20.8927E-03
             225     19.0008E-03    -81.4529E-21     817.809E-24     19.0008E-03
             226     16.6435E-03    -99.0625E-21     1.17699E-21     16.6435E-03
             227     13.8748E-03    -116.453E-21     4.80637E-21     13.8748E-03
             228     10.7587E-03    -120.152E-21     1.81207E-21     10.7587E-03
             229     7.36536E-03    -130.171E-21     1.82236E-21     7.36536E-03
             230     3.76207E-03    -133.517E-21    -340.326E-24     3.76207E-03
             231     135.550E-21    -135.550E-21              0.     352.555E-33
             232     141.611E-21     141.611E-21              0.     355.452E-33
             233     3.71574E-03     140.136E-21    -11.2348E-21     3.71574E-03
             234     7.27485E-03     134.613E-21    -21.1144E-21     7.27485E-03
             235     10.6267E-03     126.226E-21    -30.7075E-21     10.6267E-03
             236     13.7048E-03     110.559E-21    -44.2502E-21     13.7048E-03
             237     16.4397E-03     100.688E-21    -48.0495E-21     16.4397E-03
             238     18.7684E-03     82.0560E-21    -62.0067E-21     18.7684E-03
             239     20.6372E-03     65.5157E-21    -68.0509E-21     20.6372E-03
             240     22.0038E-03     41.2326E-21    -71.4531E-21     22.0038E-03
             241     22.8367E-03     23.5514E-21    -66.7957E-21     22.8367E-03
             242     23.1165E-03    -505.006E-24    -80.9804E-21     23.1165E-03
             243     22.8367E-03    -20.5814E-21    -72.5924E-21     22.8367E-03
             244     22.0038E-03    -46.2007E-21    -69.9384E-21     22.0038E-03
             245     20.6372E-03    -70.4270E-21    -70.4095E-21     20.6372E-03
             246     18.7684E-03    -88.6416E-21    -60.9766E-21     18.7684E-03
             247     16.4397E-03    -105.339E-21    -50.9401E-21     16.4397E-03
             248     13.7048E-03    -118.689E-21    -38.5637E-21     13.7048E-03
             249     10.6267E-03    -127.613E-21    -29.6216E-21     10.6267E-03
             250     7.27485E-03    -129.372E-21    -22.6591E-21     7.27485E-03
             251     3.71574E-03    -134.396E-21    -10.8196E-21     3.71574E-03
             252     135.991E-21    -135.991E-21              0.     355.452E-33
             253     141.946E-21     141.946E-21              0.     349.496E-33
             254     3.57785E-03     139.486E-21    -23.5856E-21     3.57785E-03
             255     7.00550E-03     133.072E-21    -44.8182E-21     7.00550E-03
             256     10.2340E-03     123.149E-21    -64.8882E-21     10.2340E-03
             257     13.1989E-03     115.667E-21    -84.3627E-21     13.1989E-03
             258     15.8334E-03     99.3643E-21    -100.138E-21     15.8334E-03
             259     18.0767E-03     82.6839E-21    -118.015E-21     18.0767E-03
             260     19.8771E-03     69.6704E-21    -131.903E-21     19.8771E-03
             261     21.1936E-03     38.7152E-21    -144.379E-21     21.1936E-03
             262     21.9960E-03     14.4652E-21    -138.579E-21     21.9960E-03
             263     22.2655E-03     1.03471E-21    -148.309E-21     22.2655E-03
             264     21.9960E-03    -20.9591E-21    -138.782E-21     21.9960E-03
             265     21.1936E-03    -40.0496E-21    -137.904E-21     21.1936E-03
             266     19.8771E-03    -59.6603E-21    -132.661E-21     19.8771E-03
             267     18.0767E-03    -78.5985E-21    -120.796E-21     18.0767E-03
             268     15.8334E-03    -96.7704E-21    -104.502E-21     15.8334E-03
             269     13.1989E-03    -117.942E-21    -85.1609E-21     13.1989E-03
             270     10.2340E-03    -129.971E-21    -65.7831E-21     10.2340E-03
             271     7.00550E-03    -138.473E-21    -45.7063E-21     7.00550E-03
             272     3.57785E-03    -138.768E-21    -23.1306E-21     3.57785E-03
             273     140.186E-21    -140.186E-21              0.     349.496E-33
             274     130.770E-21     130.770E-21              0.     334.743E-33
             275     3.35168E-03     129.349E-21    -34.2451E-21     3.35168E-03
             276     6.56379E-03     124.266E-21    -68.6982E-21     6.56379E-03
             277     9.58990E-03     117.421E-21    -100.125E-21     9.58990E-03
             278     12.3693E-03     106.471E-21    -124.023E-21     12.3693E-03
             279     14.8391E-03     94.6100E-21    -148.932E-21     14.8391E-03
             280     16.9422E-03     85.9414E-21    -179.504E-21     16.9422E-03
             281     18.6303E-03     66.5696E-21    -187.498E-21     18.6303E-03
             282     19.8647E-03     52.5077E-21    -208.199E-21     19.8647E-03
             283     20.6170E-03     25.6867E-21    -208.653E-21     20.6170E-03
             284     20.8698E-03    -1.78847E-21    -211.818E-21     20.8698E-03
             285     20.6170E-03    -13.8714E-21    -207.854E-21     20.6170E-03
             286     19.8647E-03    -38.7455E-21    -210.372E-21     19.8647E-03
             287     18.6303E-03    -62.1780E-21    -189.783E-21     18.6303E-03
             288     16.9422E-03    -86.3687E-21    -176.333E-21     16.9422E-03
             289     14.8391E-03    -100.542E-21    -156.721E-21     14.8391E-03
             290     12.3693E-03    -112.663E-21    -129.083E-21     12.3693E-03
             291     9.58990E-03    -125.698E-21    -96.7141E-21     9.58990E-03
             292     6.56379E-03    -127.188E-21    -66.3439E-21     6.56379E-03
             293     3.35168E-03    -130.104E-21    -32.7204E-21     3.35168E-03
             294     131.915E-21    -131.915E-21              0.     334.743E-33
             295     109.495E-21     109.495E-21              0.     311.426E-33
             296     3.04261E-03     108.675E-21    -45.1481E-21     3.04261E-03
             297     5.96039E-03     106.717E-21    -89.3744E-21     5.96039E-03
             298     8.71014E-03     102.599E-21    -127.512E-21     8.71014E-03
             299     11.2360E-03     92.1800E-21    -161.418E-21     11.2360E-03
             300     13.4807E-03     72.5099E-21    -195.313E-21     13.4807E-03
             301     15.3923E-03     57.4102E-21    -231.707E-21     15.3923E-03
             302     16.9266E-03     51.7136E-21    -249.679E-21     16.9266E-03
             303     18.0487E-03     35.6128E-21    -266.199E-21     18.0487E-03
             304     18.7327E-03     19.4802E-21    -280.749E-21     18.7327E-03
             305     18.9625E-03     7.94982E-21    -275.854E-21     18.9625E-03
             306     18.7327E-03    -9.33352E-21    -272.277E-21     18.7327E-03
             307     18.0487E-03    -31.6874E-21    -270.479E-21     18.0487E-03
             308     16.9266E-03    -52.7852E-21    -246.494E-21     16.9266E-03
             309     15.3923E-03    -68.6858E-21    -226.651E-21     15.3923E-03
             310     13.4807E-03    -88.5885E-21    -197.263E-21     13.4807E-03
             311     11.2360E-03    -98.2078E-21    -165.013E-21     11.2360E-03
             312     8.71014E-03    -106.769E-21    -126.164E-21     8.71014E-03
             313     5.96039E-03    -113.511E-21    -84.1616E-21     5.96039E-03
             314     3.04261E-03    -115.324E-21    -44.2432E-21     3.04261E-03
             315     116.054E-21    -116.054E-21              0.     311.426E-33
             316              0.     89.7407E-21              0.     279.920E-33
             317     2.65802E-03     88.0570E-21    -54.4779E-21     2.65802E-03
             318     5.20990E-03     84.4281E-21    -106.469E-21     5.20990E-03
             319     7.61598E-03     77.6538E-21    -153.989E-21     7.61598E-03
             320     9.82639E-03     68.7229E-21    -194.437E-21     9.82639E-03
             321     11.7908E-03     62.6525E-21    -239.485E-21     11.7908E-03
             322     13.4638E-03     55.8407E-21    -271.006E-21     13.4638E-03
             323     14.8068E-03     38.2721E-21    -303.220E-21     14.8068E-03
             324     15.7889E-03     29.1616E-21    -319.286E-21     15.7889E-03
             325     16.3876E-03     20.2238E-21    -337.396E-21     16.3876E-03
             326     16.5888E-03     5.44754E-21    -334.193E-21     16.5888E-03
             327     16.3876E-03    -15.0713E-21    -337.490E-21     16.3876E-03
             328     15.7889E-03    -28.0593E-21    -317.605E-21     15.7889E-03
             329     14.8068E-03    -46.0822E-21    -299.168E-21     14.8068E-03
             330     13.4638E-03    -55.9751E-21    -268.184E-21     13.4638E-03
             331     11.7908E-03    -67.0051E-21    -238.396E-21     11.7908E-03
             332     9.82639E-03    -74.2624E-21    -195.658E-21     9.82639E-03
             333     7.61598E-03    -85.4330E-21    -151.228E-21     7.61598E-03
             334     5.20990E-03    -89.6983E-21    -99.8476E-21     5.20990E-03
             335     2.65802E-03    -91.0292E-21    -55.6106E-21     2.65802E-03
             336              0.    -92.4855E-21              0.     279.920E-33
             337              0.     74.6407E-21              0.     240.614E-33
             338     2.20728E-03     74.2575E-21    -60.7518E-21     2.20728E-03
             339     4.33076E-03     70.6132E-21    -126.260E-21     4.33076E-03
             340     6.33412E-03     68.7011E-21    -175.575E-21     6.33412E-03
             341     8.17456E-03     59.9488E-21    -222.492E-21     8.17456E-03
             342     9.81017E-03     51.6692E-21    -274.133E-21     9.81017E-03
             343     11.2032E-03     41.8932E-21    -309.602E-21     11.2032E-03
             344     12.3215E-03     36.6745E-21    -347.406E-21     12.3215E-03
             345     13.1394E-03     26.5414E-21    -364.459E-21     13.1394E-03
             346     13.6380E-03     10.4304E-21    -386.601E-21     13.6380E-03
             347     13.8055E-03    -6.82653E-21    -388.539E-21     13.8055E-03
             348     13.6380E-03    -16.1309E-21    -385.849E-21     13.6380E-03
             349     13.1394E-03    -32.4169E-21    -365.432E-21     13.1394E-03
             350     12.3215E-03    -48.0623E-21    -339.868E-21     12.3215E-03
             351     11.2032E-03    -55.7710E-21    -307.081E-21     11.2032E-03
             352     9.81017E-03    -65.5556E-21    -273.500E-21     9.81017E-03
             353     8.17456E-03    -71.2144E-21    -222.716E-21     8.17456E-03
             354     6.33412E-03    -72.3740E-21    -175.160E-21     6.33412E-03
             355     4.33076E-03    -78.8913E-21    -110.960E-21     4.33076E-03
             356     2.20728E-03    -79.8283E-21    -64.1348E-21     2.20728E-03
             357              0.    -80.1721E-21              0.     240.614E-33
             358              0.     58.4973E-21              0.     193.564E-33
             359     1.70179E-03     57.5230E-21    -66.0054E-21     1.70179E-03
             360     3.34499E-03     56.4477E-21    -140.223E-21     3.34499E-03
             361     4.89596E-03     52.6914E-21    -190.844E-21     4.89596E-03
             362     6.32056E-03     50.2614E-21    -247.802E-21     6.32056E-03
             363     7.58653E-03     43.2179E-21    -300.031E-21     7.58653E-03
             364     8.66474E-03     39.5419E-21    -347.272E-21     8.66474E-03
             365     9.53039E-03     30.6313E-21    -377.654E-21     9.53039E-03
             366     10.1636E-03     19.3774E-21    -406.214E-21     10.1636E-03
             367     10.5495E-03     10.3679E-21    -425.029E-21     10.5495E-03
             368     10.6792E-03     1.47861E-21    -433.286E-21     10.6792E-03
             369     10.5495E-03    -10.9667E-21    -423.970E-21     10.5495E-03
             370     10.1636E-03    -21.2123E-21    -405.022E-21     10.1636E-03
             371     9.53039E-03    -29.4389E-21    -376.491E-21     9.53039E-03
             372     8.66474E-03    -32.6631E-21    -341.822E-21     8.66474E-03
             373     7.58653E-03    -43.3877E-21    -300.911E-21     7.58653E-03
             374     6.32056E-03    -48.8396E-21    -244.147E-21     6.32056E-03
             375     4.89596E-03    -55.2768E-21    -193.507E-21     4.89596E-03
             376     3.34499E-03    -60.1263E-21    -123.059E-21     3.34499E-03
             377     1.70179E-03    -63.3431E-21    -69.2299E-21     1.70179E-03
             378              0.    -63.9888E-21              0.     193.564E-33
             379              0.     38.3996E-21             -0.     137.156E-33
             380     1.15522E-03     38.0204E-21    -69.3927E-21     1.15522E-03
             381     2.27754E-03     35.9666E-21    -147.027E-21     2.27754E-03
             382     3.33648E-03     35.2272E-21    -205.753E-21     3.33648E-03
             383     4.30894E-03     29.7022E-21    -266.943E-21     4.30894E-03
             384     5.17309E-03     29.1586E-21    -320.976E-21     5.17309E-03
             385     5.90909E-03     24.9580E-21    -372.797E-21     5.90909E-03
             386     6.50005E-03     19.5415E-21    -403.410E-21     6.50005E-03
             387     6.93231E-03     11.3231E-21    -434.532E-21     6.93231E-03
             388     7.19582E-03     4.81961E-21    -453.554E-21     7.19582E-03
             389     7.28436E-03    -1.65101E-21    -464.269E-21     7.28436E-03
             390     7.19582E-03    -4.90366E-21    -454.266E-21     7.19582E-03
             391     6.93231E-03    -16.6516E-21    -432.270E-21     6.93231E-03
             392     6.50005E-03    -21.0299E-21    -402.384E-21     6.50005E-03
             393     5.90909E-03    -28.7071E-21    -368.537E-21     5.90909E-03
             394     5.17309E-03    -33.7017E-21    -319.125E-21     5.17309E-03
             395     4.30894E-03    -36.2449E-21    -261.533E-21     4.30894E-03
             396     3.33648E-03    -37.9014E-21    -206.869E-21     3.33648E-03
             397     2.27754E-03    -41.3458E-21    -131.504E-21     2.27754E-03
             398     1.15522E-03    -41.2746E-21    -71.6331E-21     1.15522E-03
             399              0.    -41.6847E-21             -0.     137.156E-33
             400              0.     13.5451E-21             -0.     66.2024E-33
             401     583.242E-06     13.2198E-21    -70.7753E-21     583.242E-06
             402     1.15425E-03     12.5418E-21    -151.063E-21     1.15425E-03
             403     1.69236E-03     12.5884E-21    -215.596E-21     1.69236E-03
             404     2.18665E-03     12.4426E-21    -278.284E-21     2.18665E-03
             405     2.62591E-03     9.95280E-21    -333.098E-21     2.62591E-03
             406     3.00008E-03     11.4530E-21    -389.398E-21     3.00008E-03
             407     3.30053E-03     7.20700E-21    -419.313E-21     3.30053E-03
             408     3.52031E-03     1.80992E-21    -453.176E-21     3.52031E-03
             409     3.65430E-03     566.448E-24    -472.927E-21     3.65430E-03
             410     3.69932E-03    -2.90172E-21    -479.928E-21     3.69932E-03
             411     3.65430E-03    -8.21404E-21    -476.604E-21     3.65430E-03
             412     3.52031E-03    -7.80051E-21    -449.573E-21     3.52031E-03
             413     3.30053E-03    -10.1229E-21    -419.310E-21     3.30053E-03
             414     3.00008E-03    -12.6541E-21    -381.826E-21     3.00008E-03
             415     2.62591E-03    -13.9241E-21    -329.553E-21     2.62591E-03
             416     2.18665E-03    -18.0037E-21    -271.520E-21     2.18665E-03
             417     1.69236E-03    -19.9527E-21    -215.511E-21     1.69236E-03
             418     1.15425E-03    -21.3383E-21    -135.904E-21     1.15425E-03
             419     583.242E-06    -22.1183E-21    -71.4251E-21     583.242E-06
             420              0.    -22.4567E-21             -0.     66.2024E-33
             421              0.             -0.             -0.     743.824E-36
             422              0.              0.    -71.0956E-21    -10.5579E-33
             423     152.251E-21              0.    -152.251E-21     22.5028E-33
             424     218.561E-21              0.    -218.561E-21     46.4367E-33
             425     281.200E-21              0.    -281.200E-21     64.8957E-33
             426     337.823E-21              0.    -337.823E-21     79.7621E-33
             427     395.014E-21              0.    -395.014E-21     91.8727E-33
             428     423.710E-21              0.    -423.710E-21     101.460E-33
             429     458.841E-21              0.    -458.841E-21     108.484E-33
             430     479.256E-21             -0.    -479.256E-21     112.829E-33
             431     485.715E-21              0.    -485.715E-21     114.390E-33
             432     481.379E-21              0.    -481.379E-21     113.092E-33
             433     455.188E-21              0.    -455.188E-21     108.873E-33
             434     424.669E-21              0.    -424.669E-21     101.649E-33
             435     385.593E-21             -0.    -385.593E-21     91.2678E-33
             436     334.264E-21              0.    -334.264E-21     77.4250E-33
             437     274.484E-21              0.    -274.484E-21     59.4531E-33
             438     218.727E-21             -0.    -218.727E-21     35.8440E-33
             439     137.544E-21             -0.    -137.544E-21     3.29538E-33
             440              0.             -0.    -70.9539E-21    -42.0515E-33
             441              0.              0.              0.     743.824E-36


  Minimum                     0.    -140.186E-21    -485.715E-21    -42.0515E-33
         At Node             441             273             431             440

  Maximum            23.4024E-03     141.946E-21     487.767E-21     23.4024E-03
         At Node             221             253              11             221

           Total         3.80241    -99.1300E-21     308.916E-21         3.80241


