
HOMOGENIZATION -- RM 8x8 ABDG [[A,B,0],[B,D,0],[0,0,G]] (rows 1-6: e11,e22,g12,k11,k22,k12; rows 7-8: 2g13,2g23):
[[ 4.9248e+08  4.2348e+08 -8.2962e+07  5.0356e-11  1.2010e-12  2.3013e-12  0.0000e+00  0.0000e+00]
 [ 4.2348e+08  4.9248e+08 -8.2962e+07  1.2010e-12  4.9875e-13 -1.1821e-11  0.0000e+00  0.0000e+00]
 [-8.2962e+07 -8.2962e+07  4.4071e+08  1.1645e-12 -1.2957e-11  6.6335e-11  0.0000e+00  0.0000e+00]
 [ 4.3989e-11 -5.1655e-12 -2.5872e-12  4.1040e+03  3.5290e+03  1.9634e+03  0.0000e+00  0.0000e+00]
 [-4.2560e-12 -4.9582e-12 -1.6709e-11  3.5290e+03  4.1040e+03  1.9634e+03  0.0000e+00  0.0000e+00]
 [ 3.8929e-12 -1.0229e-11  6.6043e-11  1.9634e+03  1.9634e+03  3.6726e+03  0.0000e+00  0.0000e+00]
 [ 0.0000e+00  0.0000e+00  0.0000e+00  0.0000e+00  0.0000e+00  0.0000e+00  1.5732e+07  7.9565e+06]
 [ 0.0000e+00  0.0000e+00  0.0000e+00  0.0000e+00  0.0000e+00  0.0000e+00  7.9565e+06  1.5732e+07]]

PLATE COMPLIANCE -- inv(ABDG) (rows 1-6: N11,N22,N12,M11,M22,M12; rows 7-8: Q1,Q2):
[[ 7.8115e-09 -6.6812e-09  2.1277e-10 -3.5683e-22  3.0802e-22 -4.1460e-24  0.0000e+00  0.0000e+00]
 [-6.6812e-09  7.8115e-09  2.1277e-10  2.9930e-22 -2.5708e-22  2.9157e-24  0.0000e+00  0.0000e+00]
 [ 2.1277e-10  2.1277e-10  2.3492e-09 -2.1733e-23  5.4411e-23 -5.9349e-23  0.0000e+00  0.0000e+00]
 [-3.5441e-22  3.0172e-22 -1.9350e-23  9.5992e-04 -7.7921e-04 -9.6612e-05  0.0000e+00  0.0000e+00]
 [ 3.0864e-22 -2.5646e-22  5.6121e-23 -7.7921e-04  9.5992e-04 -9.6612e-05  0.0000e+00  0.0000e+00]
 [-6.2437e-24  8.1790e-25 -6.1535e-23 -9.6612e-05 -9.6612e-05  3.7559e-04  0.0000e+00  0.0000e+00]
 [ 0.0000e+00  0.0000e+00  0.0000e+00  0.0000e+00  0.0000e+00  0.0000e+00  8.5416e-08 -4.3201e-08]
 [ 0.0000e+00  0.0000e+00  0.0000e+00  0.0000e+00  0.0000e+00  0.0000e+00 -4.3201e-08  8.5416e-08]]

DEHOMOGENIZATION -- computed using the second-order warping function
  given FF = [   0.    0.    0. 1000.    0.    0. 1000.    0.]
  u2d    = [0. 0. 0.]   (global plate displacement added to the warping)
  wrote examples/ex7_output/plate_sym45.SM  (20 Gauss points)
  wrote examples/ex7_output/plate_sym45.EM  (20 Gauss points)
  wrote examples/ex7_output/plate_sym45.U  (20 Gauss points)
  wrote examples/ex7_output/plate_sym45.out  (this report)
